vslr-train : INFO: Created TensorFlow Lite XNNPACK delegate for CPU.
At line:1 char:302
+ ... tch {} } }; vslr-train --data-dir dataset/recordings_v2_4x24 --record ...
+                 ~~~~~~~~~~~~~~~~~~~~~~~~~~~~~~~~~~~~~~~~~~~~~~~~~~~~~~~~~
    + CategoryInfo          : NotSpecified: (INFO: Created T...legate for CPU.:String) [], RemoteException
    + FullyQualifiedErrorId : NativeCommandError
 
WARNING: All log messages before absl::InitializeLog() is called are written to STDERR
W0000 00:00:1788720518.558722   37676 inference_feedback_manager.cc:114] Feedback manager requires a model with a 
single signature inference. Disabling support for feedback tensors.
W0000 00:00:1788720518.598162   37676 inference_feedback_manager.cc:114] Feedback manager requires a model with a 
single signature inference. Disabling support for feedback tensors.
W0000 00:00:1788720518.603389   40688 inference_feedback_manager.cc:114] Feedback manager requires a model with a 
single signature inference. Disabling support for feedback tensors.
W0000 00:00:1788720518.603704    2560 inference_feedback_manager.cc:114] Feedback manager requires a model with a 
single signature inference. Disabling support for feedback tensors.
W0000 00:00:1788720518.604655   37676 inference_feedback_manager.cc:114] Feedback manager requires a model with a 
single signature inference. Disabling support for feedback tensors.
W0000 00:00:1788720518.615141   42228 inference_feedback_manager.cc:114] Feedback manager requires a model with a 
single signature inference. Disabling support for feedback tensors.
W0000 00:00:1788720518.634043    2560 inference_feedback_manager.cc:114] Feedback manager requires a model with a 
single signature inference. Disabling support for feedback tensors.
W0000 00:00:1788720518.634600   40688 inference_feedback_manager.cc:114] Feedback manager requires a model with a 
single signature inference. Disabling support for feedback tensors.
Extracting landmarks for 576 clip(s) (cache: dataset\processed\landmark_cache_v2_4x24)...
  [1/576] P01/Bạn có cần giúp đỡ không: hands 100.0% (cache)
  [2/576] P01/Bạn có cần giúp đỡ không: hands 100.0% (cache)
  [3/576] P01/Bạn có cần giúp đỡ không: hands 100.0% (cache)
  [4/576] P01/Bạn có cần giúp đỡ không: hands 100.0% (cache)
  [5/576] P01/Bạn có cần giúp đỡ không: hands 100.0% (cache)
  [6/576] P01/Bạn có cần giúp đỡ không: hands 100.0% (cache)
  [7/576] P01/Bạn có vấn đề gì không: hands 100.0% (cache)
  [8/576] P01/Bạn có vấn đề gì không: hands 100.0% (cache)
  [9/576] P01/Bạn có vấn đề gì không: hands 100.0% (cache)
  [10/576] P01/Bạn có vấn đề gì không: hands 100.0% (cache)
  [11/576] P01/Bạn có vấn đề gì không: hands 100.0% (cache)
  [12/576] P01/Bạn có vấn đề gì không: hands 100.0% (cache)
  [13/576] P01/Bạn quê ở đâu: hands 100.0% (cache)
  [14/576] P01/Bạn quê ở đâu: hands 99.7% (cache)
  [15/576] P01/Bạn quê ở đâu: hands 100.0% (cache)
  [16/576] P01/Bạn quê ở đâu: hands 100.0% (cache)
  [17/576] P01/Bạn quê ở đâu: hands 100.0% (cache)
  [18/576] P01/Bạn quê ở đâu: hands 99.7% (cache)
  [19/576] P01/Bạn tên gì: hands 100.0% (cache)
  [20/576] P01/Bạn tên gì: hands 100.0% (cache)
  [21/576] P01/Bạn tên gì: hands 100.0% (cache)
  [22/576] P01/Bạn tên gì: hands 100.0% (cache)
  [23/576] P01/Bạn tên gì: hands 100.0% (cache)
  [24/576] P01/Bạn tên gì: hands 100.0% (cache)
  [25/576] P01/Bạn đang làm gì: hands 100.0% (cache)
  [26/576] P01/Bạn đang làm gì: hands 100.0% (cache)
  [27/576] P01/Bạn đang làm gì: hands 100.0% (cache)
  [28/576] P01/Bạn đang làm gì: hands 100.0% (cache)
  [29/576] P01/Bạn đang làm gì: hands 100.0% (cache)
  [30/576] P01/Bạn đang làm gì: hands 100.0% (cache)
  [31/576] P01/Chuyện gì: hands 100.0% (cache)
  [32/576] P01/Chuyện gì: hands 100.0% (cache)
  [33/576] P01/Chuyện gì: hands 100.0% (cache)
  [34/576] P01/Chuyện gì: hands 100.0% (cache)
  [35/576] P01/Chuyện gì: hands 100.0% (cache)
  [36/576] P01/Chuyện gì: hands 100.0% (cache)
  [37/576] P01/Cảm ơn: hands 99.6% (cache)
  [38/576] P01/Cảm ơn: hands 98.4% (cache)
  [39/576] P01/Cảm ơn: hands 99.0% (cache)
  [40/576] P01/Cảm ơn: hands 98.7% (cache)
  [41/576] P01/Cảm ơn: hands 96.6% (cache)
  [42/576] P01/Cảm ơn: hands 100.0% (cache)
  [43/576] P01/Gọi xe cứu thương: hands 99.4% (cache)
  [44/576] P01/Gọi xe cứu thương: hands 100.0% (cache)
  [45/576] P01/Gọi xe cứu thương: hands 100.0% (cache)
  [46/576] P01/Gọi xe cứu thương: hands 100.0% (cache)
  [47/576] P01/Gọi xe cứu thương: hands 100.0% (cache)
  [48/576] P01/Gọi xe cứu thương: hands 99.7% (cache)
  [49/576] P01/Hôm nay bạn khỏe không: hands 99.1% (cache)
  [50/576] P01/Hôm nay bạn khỏe không: hands 99.1% (cache)
  [51/576] P01/Hôm nay bạn khỏe không: hands 99.3% (cache)
  [52/576] P01/Hôm nay bạn khỏe không: hands 99.7% (cache)
  [53/576] P01/Hôm nay bạn khỏe không: hands 96.8% (cache)
  [54/576] P01/Hôm nay bạn khỏe không: hands 98.8% (cache)
  [55/576] P01/Lâu rồi không gặp: hands 99.7% (cache)
  [56/576] P01/Lâu rồi không gặp: hands 100.0% (cache)
  [57/576] P01/Lâu rồi không gặp: hands 99.3% (cache)
  [58/576] P01/Lâu rồi không gặp: hands 99.7% (cache)
  [59/576] P01/Lâu rồi không gặp: hands 99.5% (cache)
  [60/576] P01/Lâu rồi không gặp: hands 99.7% (cache)
  [61/576] P01/Mấy tuổi: hands 100.0% (cache)
  [62/576] P01/Mấy tuổi: hands 100.0% (cache)
  [63/576] P01/Mấy tuổi: hands 100.0% (cache)
  [64/576] P01/Mấy tuổi: hands 100.0% (cache)
  [65/576] P01/Mấy tuổi: hands 100.0% (cache)
  [66/576] P01/Mấy tuổi: hands 100.0% (cache)
  [67/576] P01/Như thế nào: hands 99.1% (cache)
  [68/576] P01/Như thế nào: hands 100.0% (cache)
  [69/576] P01/Như thế nào: hands 99.5% (cache)
  [70/576] P01/Như thế nào: hands 99.5% (cache)
  [71/576] P01/Như thế nào: hands 99.6% (cache)
  [72/576] P01/Như thế nào: hands 100.0% (cache)
  [73/576] P01/Rất vui được gặp bạn: hands 99.2% (cache)
  [74/576] P01/Rất vui được gặp bạn: hands 99.4% (cache)
  [75/576] P01/Rất vui được gặp bạn: hands 99.7% (cache)
  [76/576] P01/Rất vui được gặp bạn: hands 98.7% (cache)
  [77/576] P01/Rất vui được gặp bạn: hands 99.4% (cache)
  [78/576] P01/Rất vui được gặp bạn: hands 99.2% (cache)
  [79/576] P01/Sao thế: hands 100.0% (cache)
  [80/576] P01/Sao thế: hands 100.0% (cache)
  [81/576] P01/Sao thế: hands 100.0% (cache)
  [82/576] P01/Sao thế: hands 100.0% (cache)
  [83/576] P01/Sao thế: hands 100.0% (cache)
  [84/576] P01/Sao thế: hands 100.0% (cache)
  [85/576] P01/Siêu thị: hands 100.0% (cache)
  [86/576] P01/Siêu thị: hands 100.0% (cache)
  [87/576] P01/Siêu thị: hands 100.0% (cache)
  [88/576] P01/Siêu thị: hands 100.0% (cache)
  [89/576] P01/Siêu thị: hands 100.0% (cache)
  [90/576] P01/Siêu thị: hands 100.0% (cache)
  [91/576] P01/Tôi bình thường: hands 100.0% (cache)
  [92/576] P01/Tôi bình thường: hands 100.0% (cache)
  [93/576] P01/Tôi bình thường: hands 100.0% (cache)
  [94/576] P01/Tôi bình thường: hands 100.0% (cache)
  [95/576] P01/Tôi bình thường: hands 100.0% (cache)
  [96/576] P01/Tôi bình thường: hands 100.0% (cache)
  [97/576] P01/Tôi không khỏe: hands 100.0% (cache)
  [98/576] P01/Tôi không khỏe: hands 100.0% (cache)
  [99/576] P01/Tôi không khỏe: hands 100.0% (cache)
  [100/576] P01/Tôi không khỏe: hands 99.2% (cache)
  [101/576] P01/Tôi không khỏe: hands 100.0% (cache)
  [102/576] P01/Tôi không khỏe: hands 100.0% (cache)
  [103/576] P01/Tôi khỏe: hands 100.0% (cache)
  [104/576] P01/Tôi khỏe: hands 99.6% (cache)
  [105/576] P01/Tôi khỏe: hands 98.7% (cache)
  [106/576] P01/Tôi khỏe: hands 99.6% (cache)
  [107/576] P01/Tôi khỏe: hands 100.0% (cache)
  [108/576] P01/Tôi khỏe: hands 100.0% (cache)
  [109/576] P01/Tạm biệt: hands 100.0% (cache)
  [110/576] P01/Tạm biệt: hands 100.0% (cache)
  [111/576] P01/Tạm biệt: hands 100.0% (cache)
  [112/576] P01/Tạm biệt: hands 100.0% (cache)
  [113/576] P01/Tạm biệt: hands 100.0% (cache)
  [114/576] P01/Tạm biệt: hands 100.0% (cache)
  [115/576] P01/Về nhà cẩn thận: hands 99.7% (cache)
  [116/576] P01/Về nhà cẩn thận: hands 100.0% (cache)
  [117/576] P01/Về nhà cẩn thận: hands 99.7% (cache)
  [118/576] P01/Về nhà cẩn thận: hands 98.8% (cache)
  [119/576] P01/Về nhà cẩn thận: hands 100.0% (cache)
  [120/576] P01/Về nhà cẩn thận: hands 100.0% (cache)
  [121/576] P01/Xin chào: hands 98.9% (cache)
  [122/576] P01/Xin chào: hands 100.0% (cache)
  [123/576] P01/Xin chào: hands 100.0% (cache)
  [124/576] P01/Xin chào: hands 99.5% (cache)
  [125/576] P01/Xin chào: hands 99.7% (cache)
  [126/576] P01/Xin chào: hands 99.7% (cache)
  [127/576] P01/Xin lỗi: hands 100.0% (cache)
  [128/576] P01/Xin lỗi: hands 99.7% (cache)
  [129/576] P01/Xin lỗi: hands 99.2% (cache)
  [130/576] P01/Xin lỗi: hands 99.6% (cache)
  [131/576] P01/Xin lỗi: hands 100.0% (cache)
  [132/576] P01/Xin lỗi: hands 100.0% (cache)
  [133/576] P01/Đi đâu: hands 100.0% (cache)
  [134/576] P01/Đi đâu: hands 100.0% (cache)
  [135/576] P01/Đi đâu: hands 100.0% (cache)
  [136/576] P01/Đi đâu: hands 100.0% (cache)
  [137/576] P01/Đi đâu: hands 100.0% (cache)
  [138/576] P01/Đi đâu: hands 100.0% (cache)
  [139/576] P01/Được không: hands 100.0% (cache)
  [140/576] P01/Được không: hands 100.0% (cache)
  [141/576] P01/Được không: hands 100.0% (cache)
  [142/576] P01/Được không: hands 100.0% (cache)
  [143/576] P01/Được không: hands 100.0% (cache)
  [144/576] P01/Được không: hands 100.0% (cache)
  [145/576] P02/Bạn có cần giúp đỡ không: hands 100.0% (cache)
  [146/576] P02/Bạn có cần giúp đỡ không: hands 100.0% (cache)
  [147/576] P02/Bạn có cần giúp đỡ không: hands 100.0% (cache)
  [148/576] P02/Bạn có cần giúp đỡ không: hands 100.0% (cache)
  [149/576] P02/Bạn có cần giúp đỡ không: hands 100.0% (cache)
  [150/576] P02/Bạn có cần giúp đỡ không: hands 100.0% (cache)
  [151/576] P02/Bạn có vấn đề gì không: hands 100.0% (cache)
  [152/576] P02/Bạn có vấn đề gì không: hands 100.0% (cache)
  [153/576] P02/Bạn có vấn đề gì không: hands 100.0% (cache)
  [154/576] P02/Bạn có vấn đề gì không: hands 100.0% (cache)
  [155/576] P02/Bạn có vấn đề gì không: hands 100.0% (cache)
  [156/576] P02/Bạn có vấn đề gì không: hands 100.0% (cache)
  [157/576] P02/Bạn quê ở đâu: hands 99.5% (cache)
  [158/576] P02/Bạn quê ở đâu: hands 99.5% (cache)
  [159/576] P02/Bạn quê ở đâu: hands 99.1% (cache)
  [160/576] P02/Bạn quê ở đâu: hands 100.0% (cache)
  [161/576] P02/Bạn quê ở đâu: hands 99.2% (cache)
  [162/576] P02/Bạn quê ở đâu: hands 99.4% (cache)
  [163/576] P02/Bạn tên gì: hands 100.0% (cache)
  [164/576] P02/Bạn tên gì: hands 100.0% (cache)
  [165/576] P02/Bạn tên gì: hands 100.0% (cache)
  [166/576] P02/Bạn tên gì: hands 100.0% (cache)
  [167/576] P02/Bạn tên gì: hands 100.0% (cache)
  [168/576] P02/Bạn tên gì: hands 100.0% (cache)
  [169/576] P02/Bạn đang làm gì: hands 100.0% (cache)
  [170/576] P02/Bạn đang làm gì: hands 100.0% (cache)
  [171/576] P02/Bạn đang làm gì: hands 100.0% (cache)
  [172/576] P02/Bạn đang làm gì: hands 100.0% (cache)
  [173/576] P02/Bạn đang làm gì: hands 100.0% (cache)
  [174/576] P02/Bạn đang làm gì: hands 100.0% (cache)
  [175/576] P02/Chuyện gì: hands 100.0% (cache)
  [176/576] P02/Chuyện gì: hands 100.0% (cache)
  [177/576] P02/Chuyện gì: hands 100.0% (cache)
  [178/576] P02/Chuyện gì: hands 100.0% (cache)
  [179/576] P02/Chuyện gì: hands 100.0% (cache)
  [180/576] P02/Chuyện gì: hands 100.0% (cache)
  [181/576] P02/Cảm ơn: hands 98.8% (cache)
  [182/576] P02/Cảm ơn: hands 100.0% (cache)
  [183/576] P02/Cảm ơn: hands 98.9% (cache)
  [184/576] P02/Cảm ơn: hands 98.1% (cache)
  [185/576] P02/Cảm ơn: hands 99.1% (cache)
  [186/576] P02/Cảm ơn: hands 98.4% (cache)
  [187/576] P02/Gọi xe cứu thương: hands 100.0% (cache)
  [188/576] P02/Gọi xe cứu thương: hands 100.0% (cache)
  [189/576] P02/Gọi xe cứu thương: hands 100.0% (cache)
  [190/576] P02/Gọi xe cứu thương: hands 99.6% (cache)
  [191/576] P02/Gọi xe cứu thương: hands 100.0% (cache)
  [192/576] P02/Gọi xe cứu thương: hands 100.0% (cache)
  [193/576] P02/Hôm nay bạn khỏe không: hands 100.0% (cache)
  [194/576] P02/Hôm nay bạn khỏe không: hands 99.6% (cache)
  [195/576] P02/Hôm nay bạn khỏe không: hands 98.9% (cache)
  [196/576] P02/Hôm nay bạn khỏe không: hands 99.4% (cache)
  [197/576] P02/Hôm nay bạn khỏe không: hands 99.8% (cache)
  [198/576] P02/Hôm nay bạn khỏe không: hands 99.7% (cache)
  [199/576] P02/Lâu rồi không gặp: hands 100.0% (cache)
  [200/576] P02/Lâu rồi không gặp: hands 100.0% (cache)
  [201/576] P02/Lâu rồi không gặp: hands 99.4% (cache)
  [202/576] P02/Lâu rồi không gặp: hands 99.2% (cache)
  [203/576] P02/Lâu rồi không gặp: hands 99.7% (cache)
  [204/576] P02/Lâu rồi không gặp: hands 100.0% (cache)
  [205/576] P02/Mấy tuổi: hands 100.0% (cache)
  [206/576] P02/Mấy tuổi: hands 100.0% (cache)
  [207/576] P02/Mấy tuổi: hands 100.0% (cache)
  [208/576] P02/Mấy tuổi: hands 100.0% (cache)
  [209/576] P02/Mấy tuổi: hands 100.0% (cache)
  [210/576] P02/Mấy tuổi: hands 100.0% (cache)
  [211/576] P02/Như thế nào: hands 100.0% (cache)
  [212/576] P02/Như thế nào: hands 100.0% (cache)
  [213/576] P02/Như thế nào: hands 100.0% (cache)
  [214/576] P02/Như thế nào: hands 100.0% (cache)
  [215/576] P02/Như thế nào: hands 100.0% (cache)
  [216/576] P02/Như thế nào: hands 99.6% (cache)
  [217/576] P02/Rất vui được gặp bạn: hands 100.0% (cache)
  [218/576] P02/Rất vui được gặp bạn: hands 99.5% (cache)
  [219/576] P02/Rất vui được gặp bạn: hands 99.2% (cache)
  [220/576] P02/Rất vui được gặp bạn: hands 99.6% (cache)
  [221/576] P02/Rất vui được gặp bạn: hands 99.6% (cache)
  [222/576] P02/Rất vui được gặp bạn: hands 99.7% (cache)
  [223/576] P02/Sao thế: hands 100.0% (cache)
  [224/576] P02/Sao thế: hands 100.0% (cache)
  [225/576] P02/Sao thế: hands 100.0% (cache)
  [226/576] P02/Sao thế: hands 100.0% (cache)
  [227/576] P02/Sao thế: hands 100.0% (cache)
  [228/576] P02/Sao thế: hands 100.0% (cache)
  [229/576] P02/Siêu thị: hands 95.0% (cache)
  [230/576] P02/Siêu thị: hands 98.0% (cache)
  [231/576] P02/Siêu thị: hands 95.6% (cache)
  [232/576] P02/Siêu thị: hands 96.7% (cache)
  [233/576] P02/Siêu thị: hands 94.8% (cache)
  [234/576] P02/Siêu thị: hands 94.9% (cache)
  [235/576] P02/Tôi bình thường: hands 100.0% (cache)
  [236/576] P02/Tôi bình thường: hands 100.0% (cache)
  [237/576] P02/Tôi bình thường: hands 100.0% (cache)
  [238/576] P02/Tôi bình thường: hands 100.0% (cache)
  [239/576] P02/Tôi bình thường: hands 100.0% (cache)
  [240/576] P02/Tôi bình thường: hands 100.0% (cache)
  [241/576] P02/Tôi không khỏe: hands 100.0% (cache)
  [242/576] P02/Tôi không khỏe: hands 100.0% (cache)
  [243/576] P02/Tôi không khỏe: hands 100.0% (cache)
  [244/576] P02/Tôi không khỏe: hands 100.0% (cache)
  [245/576] P02/Tôi không khỏe: hands 100.0% (cache)
  [246/576] P02/Tôi không khỏe: hands 100.0% (cache)
  [247/576] P02/Tôi khỏe: hands 99.7% (cache)
  [248/576] P02/Tôi khỏe: hands 99.4% (cache)
  [249/576] P02/Tôi khỏe: hands 98.0% (cache)
  [250/576] P02/Tôi khỏe: hands 98.6% (cache)
  [251/576] P02/Tôi khỏe: hands 99.3% (cache)
  [252/576] P02/Tôi khỏe: hands 99.2% (cache)
  [253/576] P02/Tạm biệt: hands 100.0% (cache)
  [254/576] P02/Tạm biệt: hands 100.0% (cache)
  [255/576] P02/Tạm biệt: hands 100.0% (cache)
  [256/576] P02/Tạm biệt: hands 100.0% (cache)
  [257/576] P02/Tạm biệt: hands 100.0% (cache)
  [258/576] P02/Tạm biệt: hands 100.0% (cache)
  [259/576] P02/Về nhà cẩn thận: hands 99.5% (cache)
  [260/576] P02/Về nhà cẩn thận: hands 99.6% (cache)
  [261/576] P02/Về nhà cẩn thận: hands 99.7% (cache)
  [262/576] P02/Về nhà cẩn thận: hands 98.5% (cache)
  [263/576] P02/Về nhà cẩn thận: hands 99.5% (cache)
  [264/576] P02/Về nhà cẩn thận: hands 100.0% (cache)
  [265/576] P02/Xin chào: hands 99.7% (cache)
  [266/576] P02/Xin chào: hands 100.0% (cache)
  [267/576] P02/Xin chào: hands 100.0% (cache)
  [268/576] P02/Xin chào: hands 99.6% (cache)
  [269/576] P02/Xin chào: hands 100.0% (cache)
  [270/576] P02/Xin chào: hands 100.0% (cache)
  [271/576] P02/Xin lỗi: hands 99.7% (cache)
  [272/576] P02/Xin lỗi: hands 99.7% (cache)
  [273/576] P02/Xin lỗi: hands 99.0% (cache)
  [274/576] P02/Xin lỗi: hands 99.6% (cache)
  [275/576] P02/Xin lỗi: hands 99.7% (cache)
  [276/576] P02/Xin lỗi: hands 100.0% (cache)
  [277/576] P02/Đi đâu: hands 100.0% (cache)
  [278/576] P02/Đi đâu: hands 100.0% (cache)
  [279/576] P02/Đi đâu: hands 100.0% (cache)
  [280/576] P02/Đi đâu: hands 100.0% (cache)
  [281/576] P02/Đi đâu: hands 100.0% (cache)
  [282/576] P02/Đi đâu: hands 100.0% (cache)
  [283/576] P02/Được không: hands 100.0% (cache)
  [284/576] P02/Được không: hands 100.0% (cache)
  [285/576] P02/Được không: hands 100.0% (cache)
  [286/576] P02/Được không: hands 100.0% (cache)
  [287/576] P02/Được không: hands 100.0% (cache)
  [288/576] P02/Được không: hands 100.0% (cache)
  [289/576] P03/Bạn có cần giúp đỡ không: hands 100.0% (cache)
  [290/576] P03/Bạn có cần giúp đỡ không: hands 100.0% (cache)
  [291/576] P03/Bạn có cần giúp đỡ không: hands 100.0% (cache)
  [292/576] P03/Bạn có cần giúp đỡ không: hands 100.0% (cache)
  [293/576] P03/Bạn có cần giúp đỡ không: hands 100.0% (cache)
  [294/576] P03/Bạn có cần giúp đỡ không: hands 100.0% (cache)
  [295/576] P03/Bạn có vấn đề gì không: hands 100.0% (cache)
  [296/576] P03/Bạn có vấn đề gì không: hands 100.0% (cache)
  [297/576] P03/Bạn có vấn đề gì không: hands 100.0% (cache)
  [298/576] P03/Bạn có vấn đề gì không: hands 100.0% (cache)
  [299/576] P03/Bạn có vấn đề gì không: hands 100.0% (cache)
  [300/576] P03/Bạn có vấn đề gì không: hands 100.0% (cache)
  [301/576] P03/Bạn quê ở đâu: hands 100.0% (cache)
  [302/576] P03/Bạn quê ở đâu: hands 100.0% (cache)
  [303/576] P03/Bạn quê ở đâu: hands 100.0% (cache)
  [304/576] P03/Bạn quê ở đâu: hands 99.6% (cache)
  [305/576] P03/Bạn quê ở đâu: hands 100.0% (cache)
  [306/576] P03/Bạn quê ở đâu: hands 100.0% (cache)
  [307/576] P03/Bạn tên gì: hands 100.0% (cache)
  [308/576] P03/Bạn tên gì: hands 100.0% (cache)
  [309/576] P03/Bạn tên gì: hands 100.0% (cache)
  [310/576] P03/Bạn tên gì: hands 100.0% (cache)
  [311/576] P03/Bạn tên gì: hands 100.0% (cache)
  [312/576] P03/Bạn tên gì: hands 100.0% (cache)
  [313/576] P03/Bạn đang làm gì: hands 100.0% (cache)
  [314/576] P03/Bạn đang làm gì: hands 100.0% (cache)
  [315/576] P03/Bạn đang làm gì: hands 100.0% (cache)
  [316/576] P03/Bạn đang làm gì: hands 99.2% (cache)
  [317/576] P03/Bạn đang làm gì: hands 100.0% (cache)
  [318/576] P03/Bạn đang làm gì: hands 100.0% (cache)
  [319/576] P03/Chuyện gì: hands 100.0% (cache)
  [320/576] P03/Chuyện gì: hands 100.0% (cache)
  [321/576] P03/Chuyện gì: hands 100.0% (cache)
  [322/576] P03/Chuyện gì: hands 100.0% (cache)
  [323/576] P03/Chuyện gì: hands 100.0% (cache)
  [324/576] P03/Chuyện gì: hands 100.0% (cache)
  [325/576] P03/Cảm ơn: hands 96.5% (cache)
  [326/576] P03/Cảm ơn: hands 96.5% (cache)
  [327/576] P03/Cảm ơn: hands 100.0% (cache)
  [328/576] P03/Cảm ơn: hands 99.5% (cache)
  [329/576] P03/Cảm ơn: hands 97.5% (cache)
  [330/576] P03/Cảm ơn: hands 99.4% (cache)
  [331/576] P03/Gọi xe cứu thương: hands 100.0% (cache)
  [332/576] P03/Gọi xe cứu thương: hands 100.0% (cache)
  [333/576] P03/Gọi xe cứu thương: hands 100.0% (cache)
  [334/576] P03/Gọi xe cứu thương: hands 100.0% (cache)
  [335/576] P03/Gọi xe cứu thương: hands 100.0% (cache)
  [336/576] P03/Gọi xe cứu thương: hands 100.0% (cache)
  [337/576] P03/Hôm nay bạn khỏe không: hands 99.1% (cache)
  [338/576] P03/Hôm nay bạn khỏe không: hands 99.1% (cache)
  [339/576] P03/Hôm nay bạn khỏe không: hands 98.9% (cache)
  [340/576] P03/Hôm nay bạn khỏe không: hands 99.6% (cache)
  [341/576] P03/Hôm nay bạn khỏe không: hands 99.5% (cache)
  [342/576] P03/Hôm nay bạn khỏe không: hands 99.5% (cache)
  [343/576] P03/Lâu rồi không gặp: hands 100.0% (cache)
  [344/576] P03/Lâu rồi không gặp: hands 100.0% (cache)
  [345/576] P03/Lâu rồi không gặp: hands 99.2% (cache)
  [346/576] P03/Lâu rồi không gặp: hands 98.3% (cache)
  [347/576] P03/Lâu rồi không gặp: hands 99.4% (cache)
  [348/576] P03/Lâu rồi không gặp: hands 99.7% (cache)
  [349/576] P03/Mấy tuổi: hands 100.0% (cache)
  [350/576] P03/Mấy tuổi: hands 100.0% (cache)
  [351/576] P03/Mấy tuổi: hands 100.0% (cache)
  [352/576] P03/Mấy tuổi: hands 100.0% (cache)
  [353/576] P03/Mấy tuổi: hands 100.0% (cache)
  [354/576] P03/Mấy tuổi: hands 100.0% (cache)
  [355/576] P03/Như thế nào: hands 100.0% (cache)
  [356/576] P03/Như thế nào: hands 99.5% (cache)
  [357/576] P03/Như thế nào: hands 100.0% (cache)
  [358/576] P03/Như thế nào: hands 100.0% (cache)
  [359/576] P03/Như thế nào: hands 100.0% (cache)
  [360/576] P03/Như thế nào: hands 100.0% (cache)
  [361/576] P03/Rất vui được gặp bạn: hands 100.0% (cache)
  [362/576] P03/Rất vui được gặp bạn: hands 100.0% (cache)
  [363/576] P03/Rất vui được gặp bạn: hands 100.0% (cache)
  [364/576] P03/Rất vui được gặp bạn: hands 100.0% (cache)
  [365/576] P03/Rất vui được gặp bạn: hands 100.0% (cache)
  [366/576] P03/Rất vui được gặp bạn: hands 100.0% (cache)
  [367/576] P03/Sao thế: hands 100.0% (cache)
  [368/576] P03/Sao thế: hands 100.0% (cache)
  [369/576] P03/Sao thế: hands 100.0% (cache)
  [370/576] P03/Sao thế: hands 100.0% (cache)
  [371/576] P03/Sao thế: hands 100.0% (cache)
  [372/576] P03/Sao thế: hands 100.0% (cache)
  [373/576] P03/Siêu thị: hands 100.0% (cache)
  [374/576] P03/Siêu thị: hands 100.0% (cache)
  [375/576] P03/Siêu thị: hands 100.0% (cache)
  [376/576] P03/Siêu thị: hands 100.0% (cache)
  [377/576] P03/Siêu thị: hands 100.0% (cache)
  [378/576] P03/Siêu thị: hands 100.0% (cache)
  [379/576] P03/Tôi bình thường: hands 100.0% (cache)
  [380/576] P03/Tôi bình thường: hands 100.0% (cache)
  [381/576] P03/Tôi bình thường: hands 100.0% (cache)
  [382/576] P03/Tôi bình thường: hands 100.0% (cache)
  [383/576] P03/Tôi bình thường: hands 100.0% (cache)
  [384/576] P03/Tôi bình thường: hands 100.0% (cache)
  [385/576] P03/Tôi không khỏe: hands 100.0% (cache)
  [386/576] P03/Tôi không khỏe: hands 100.0% (cache)
  [387/576] P03/Tôi không khỏe: hands 100.0% (cache)
  [388/576] P03/Tôi không khỏe: hands 100.0% (cache)
  [389/576] P03/Tôi không khỏe: hands 100.0% (cache)
  [390/576] P03/Tôi không khỏe: hands 100.0% (cache)
  [391/576] P03/Tôi khỏe: hands 100.0% (cache)
  [392/576] P03/Tôi khỏe: hands 100.0% (cache)
  [393/576] P03/Tôi khỏe: hands 100.0% (cache)
  [394/576] P03/Tôi khỏe: hands 100.0% (cache)
  [395/576] P03/Tôi khỏe: hands 100.0% (cache)
  [396/576] P03/Tôi khỏe: hands 100.0% (cache)
  [397/576] P03/Tạm biệt: hands 100.0% (cache)
  [398/576] P03/Tạm biệt: hands 100.0% (cache)
  [399/576] P03/Tạm biệt: hands 100.0% (cache)
  [400/576] P03/Tạm biệt: hands 100.0% (cache)
  [401/576] P03/Tạm biệt: hands 100.0% (cache)
  [402/576] P03/Tạm biệt: hands 100.0% (cache)
  [403/576] P03/Về nhà cẩn thận: hands 100.0% (cache)
  [404/576] P03/Về nhà cẩn thận: hands 99.0% (cache)
  [405/576] P03/Về nhà cẩn thận: hands 99.6% (cache)
  [406/576] P03/Về nhà cẩn thận: hands 100.0% (cache)
  [407/576] P03/Về nhà cẩn thận: hands 100.0% (cache)
  [408/576] P03/Về nhà cẩn thận: hands 100.0% (cache)
  [409/576] P03/Xin chào: hands 100.0% (cache)
  [410/576] P03/Xin chào: hands 100.0% (cache)
  [411/576] P03/Xin chào: hands 100.0% (cache)
  [412/576] P03/Xin chào: hands 100.0% (cache)
  [413/576] P03/Xin chào: hands 100.0% (cache)
  [414/576] P03/Xin chào: hands 100.0% (cache)
  [415/576] P03/Xin lỗi: hands 100.0% (cache)
  [416/576] P03/Xin lỗi: hands 100.0% (cache)
  [417/576] P03/Xin lỗi: hands 100.0% (cache)
  [418/576] P03/Xin lỗi: hands 99.6% (cache)
  [419/576] P03/Xin lỗi: hands 100.0% (cache)
  [420/576] P03/Xin lỗi: hands 100.0% (cache)
  [421/576] P03/Đi đâu: hands 100.0% (cache)
  [422/576] P03/Đi đâu: hands 100.0% (cache)
  [423/576] P03/Đi đâu: hands 100.0% (cache)
  [424/576] P03/Đi đâu: hands 100.0% (cache)
  [425/576] P03/Đi đâu: hands 100.0% (cache)
  [426/576] P03/Đi đâu: hands 100.0% (cache)
  [427/576] P03/Được không: hands 100.0% (cache)
  [428/576] P03/Được không: hands 100.0% (cache)
  [429/576] P03/Được không: hands 100.0% (cache)
  [430/576] P03/Được không: hands 100.0% (cache)
  [431/576] P03/Được không: hands 100.0% (cache)
  [432/576] P03/Được không: hands 100.0% (cache)
  [433/576] P04/Bạn có cần giúp đỡ không: hands 100.0% (cache)
  [434/576] P04/Bạn có cần giúp đỡ không: hands 100.0% (cache)
  [435/576] P04/Bạn có cần giúp đỡ không: hands 100.0% (cache)
  [436/576] P04/Bạn có cần giúp đỡ không: hands 100.0% (cache)
  [437/576] P04/Bạn có cần giúp đỡ không: hands 100.0% (cache)
  [438/576] P04/Bạn có cần giúp đỡ không: hands 100.0% (cache)
  [439/576] P04/Bạn có vấn đề gì không: hands 100.0% (cache)
  [440/576] P04/Bạn có vấn đề gì không: hands 100.0% (cache)
  [441/576] P04/Bạn có vấn đề gì không: hands 100.0% (cache)
  [442/576] P04/Bạn có vấn đề gì không: hands 100.0% (cache)
  [443/576] P04/Bạn có vấn đề gì không: hands 100.0% (cache)
  [444/576] P04/Bạn có vấn đề gì không: hands 100.0% (cache)
  [445/576] P04/Bạn quê ở đâu: hands 100.0% (cache)
  [446/576] P04/Bạn quê ở đâu: hands 100.0% (cache)
  [447/576] P04/Bạn quê ở đâu: hands 100.0% (cache)
  [448/576] P04/Bạn quê ở đâu: hands 100.0% (cache)
  [449/576] P04/Bạn quê ở đâu: hands 100.0% (cache)
  [450/576] P04/Bạn quê ở đâu: hands 100.0% (cache)
  [451/576] P04/Bạn tên gì: hands 100.0% (cache)
  [452/576] P04/Bạn tên gì: hands 100.0% (cache)
  [453/576] P04/Bạn tên gì: hands 100.0% (cache)
  [454/576] P04/Bạn tên gì: hands 100.0% (cache)
  [455/576] P04/Bạn tên gì: hands 100.0% (cache)
  [456/576] P04/Bạn tên gì: hands 100.0% (cache)
  [457/576] P04/Bạn đang làm gì: hands 100.0% (cache)
  [458/576] P04/Bạn đang làm gì: hands 100.0% (cache)
  [459/576] P04/Bạn đang làm gì: hands 100.0% (cache)
  [460/576] P04/Bạn đang làm gì: hands 100.0% (cache)
  [461/576] P04/Bạn đang làm gì: hands 100.0% (cache)
  [462/576] P04/Bạn đang làm gì: hands 100.0% (cache)
  [463/576] P04/Chuyện gì: hands 100.0% (cache)
  [464/576] P04/Chuyện gì: hands 100.0% (cache)
  [465/576] P04/Chuyện gì: hands 100.0% (cache)
  [466/576] P04/Chuyện gì: hands 100.0% (cache)
  [467/576] P04/Chuyện gì: hands 100.0% (cache)
  [468/576] P04/Chuyện gì: hands 100.0% (cache)
  [469/576] P04/Cảm ơn: hands 100.0% (cache)
  [470/576] P04/Cảm ơn: hands 97.7% (cache)
  [471/576] P04/Cảm ơn: hands 98.6% (cache)
  [472/576] P04/Cảm ơn: hands 98.8% (cache)
  [473/576] P04/Cảm ơn: hands 99.3% (cache)
  [474/576] P04/Cảm ơn: hands 99.0% (cache)
  [475/576] P04/Gọi xe cứu thương: hands 100.0% (cache)
  [476/576] P04/Gọi xe cứu thương: hands 100.0% (cache)
  [477/576] P04/Gọi xe cứu thương: hands 100.0% (cache)
  [478/576] P04/Gọi xe cứu thương: hands 100.0% (cache)
  [479/576] P04/Gọi xe cứu thương: hands 100.0% (cache)
  [480/576] P04/Gọi xe cứu thương: hands 99.7% (cache)
  [481/576] P04/Hôm nay bạn khỏe không: hands 99.5% (cache)
  [482/576] P04/Hôm nay bạn khỏe không: hands 99.5% (cache)
  [483/576] P04/Hôm nay bạn khỏe không: hands 99.7% (cache)
  [484/576] P04/Hôm nay bạn khỏe không: hands 99.0% (cache)
  [485/576] P04/Hôm nay bạn khỏe không: hands 100.0% (cache)
  [486/576] P04/Hôm nay bạn khỏe không: hands 100.0% (cache)
  [487/576] P04/Lâu rồi không gặp: hands 100.0% (cache)
  [488/576] P04/Lâu rồi không gặp: hands 99.7% (cache)
  [489/576] P04/Lâu rồi không gặp: hands 100.0% (cache)
  [490/576] P04/Lâu rồi không gặp: hands 100.0% (cache)
  [491/576] P04/Lâu rồi không gặp: hands 100.0% (cache)
  [492/576] P04/Lâu rồi không gặp: hands 100.0% (cache)
  [493/576] P04/Mấy tuổi: hands 100.0% (cache)
  [494/576] P04/Mấy tuổi: hands 100.0% (cache)
  [495/576] P04/Mấy tuổi: hands 100.0% (cache)
  [496/576] P04/Mấy tuổi: hands 100.0% (cache)
  [497/576] P04/Mấy tuổi: hands 100.0% (cache)
  [498/576] P04/Mấy tuổi: hands 100.0% (cache)
  [499/576] P04/Như thế nào: hands 100.0% (cache)
  [500/576] P04/Như thế nào: hands 100.0% (cache)
  [501/576] P04/Như thế nào: hands 100.0% (cache)
  [502/576] P04/Như thế nào: hands 100.0% (cache)
  [503/576] P04/Như thế nào: hands 100.0% (cache)
  [504/576] P04/Như thế nào: hands 100.0% (cache)
  [505/576] P04/Rất vui được gặp bạn: hands 100.0% (cache)
  [506/576] P04/Rất vui được gặp bạn: hands 100.0% (cache)
  [507/576] P04/Rất vui được gặp bạn: hands 99.5% (cache)
  [508/576] P04/Rất vui được gặp bạn: hands 99.6% (cache)
  [509/576] P04/Rất vui được gặp bạn: hands 100.0% (cache)
  [510/576] P04/Rất vui được gặp bạn: hands 100.0% (cache)
  [511/576] P04/Sao thế: hands 100.0% (cache)
  [512/576] P04/Sao thế: hands 100.0% (cache)
  [513/576] P04/Sao thế: hands 100.0% (cache)
  [514/576] P04/Sao thế: hands 100.0% (cache)
  [515/576] P04/Sao thế: hands 100.0% (cache)
  [516/576] P04/Sao thế: hands 100.0% (cache)
  [517/576] P04/Siêu thị: hands 100.0% (cache)
  [518/576] P04/Siêu thị: hands 100.0% (cache)
  [519/576] P04/Siêu thị: hands 100.0% (cache)
  [520/576] P04/Siêu thị: hands 99.5% (cache)
  [521/576] P04/Siêu thị: hands 100.0% (cache)
  [522/576] P04/Siêu thị: hands 92.9% (cache)
  [523/576] P04/Tôi bình thường: hands 100.0% (cache)
  [524/576] P04/Tôi bình thường: hands 100.0% (cache)
  [525/576] P04/Tôi bình thường: hands 100.0% (cache)
  [526/576] P04/Tôi bình thường: hands 100.0% (cache)
  [527/576] P04/Tôi bình thường: hands 93.0% (cache)
  [528/576] P04/Tôi bình thường: hands 100.0% (cache)
  [529/576] P04/Tôi không khỏe: hands 100.0% (cache)
  [530/576] P04/Tôi không khỏe: hands 100.0% (cache)
  [531/576] P04/Tôi không khỏe: hands 100.0% (cache)
  [532/576] P04/Tôi không khỏe: hands 100.0% (cache)
  [533/576] P04/Tôi không khỏe: hands 100.0% (cache)
  [534/576] P04/Tôi không khỏe: hands 100.0% (cache)
  [535/576] P04/Tôi khỏe: hands 100.0% (cache)
  [536/576] P04/Tôi khỏe: hands 100.0% (cache)
  [537/576] P04/Tôi khỏe: hands 100.0% (cache)
  [538/576] P04/Tôi khỏe: hands 100.0% (cache)
  [539/576] P04/Tôi khỏe: hands 100.0% (cache)
  [540/576] P04/Tôi khỏe: hands 100.0% (cache)
  [541/576] P04/Tạm biệt: hands 100.0% (cache)
  [542/576] P04/Tạm biệt: hands 100.0% (cache)
  [543/576] P04/Tạm biệt: hands 100.0% (cache)
  [544/576] P04/Tạm biệt: hands 100.0% (cache)
  [545/576] P04/Tạm biệt: hands 100.0% (cache)
  [546/576] P04/Tạm biệt: hands 100.0% (cache)
  [547/576] P04/Về nhà cẩn thận: hands 99.7% (cache)
  [548/576] P04/Về nhà cẩn thận: hands 99.7% (cache)
  [549/576] P04/Về nhà cẩn thận: hands 98.5% (cache)
  [550/576] P04/Về nhà cẩn thận: hands 99.3% (cache)
  [551/576] P04/Về nhà cẩn thận: hands 100.0% (cache)
  [552/576] P04/Về nhà cẩn thận: hands 100.0% (cache)
  [553/576] P04/Xin chào: hands 100.0% (cache)
  [554/576] P04/Xin chào: hands 97.5% (cache)
  [555/576] P04/Xin chào: hands 98.1% (cache)
  [556/576] P04/Xin chào: hands 100.0% (cache)
  [557/576] P04/Xin chào: hands 100.0% (cache)
  [558/576] P04/Xin chào: hands 100.0% (cache)
  [559/576] P04/Xin lỗi: hands 100.0% (cache)
  [560/576] P04/Xin lỗi: hands 99.6% (cache)
  [561/576] P04/Xin lỗi: hands 97.4% (cache)
  [562/576] P04/Xin lỗi: hands 99.5% (cache)
  [563/576] P04/Xin lỗi: hands 100.0% (cache)
  [564/576] P04/Xin lỗi: hands 100.0% (cache)
  [565/576] P04/Đi đâu: hands 100.0% (cache)
  [566/576] P04/Đi đâu: hands 100.0% (cache)
  [567/576] P04/Đi đâu: hands 100.0% (cache)
  [568/576] P04/Đi đâu: hands 100.0% (cache)
  [569/576] P04/Đi đâu: hands 100.0% (cache)
  [570/576] P04/Đi đâu: hands 100.0% (cache)
  [571/576] P04/Được không: hands 100.0% (cache)
  [572/576] P04/Được không: hands 100.0% (cache)
  [573/576] P04/Được không: hands 100.0% (cache)
  [574/576] P04/Được không: hands 100.0% (cache)
  [575/576] P04/Được không: hands 100.0% (cache)
  [576/576] P04/Được không: hands 100.0% (cache)
576 clips | 24 labels | 4 people | device cuda

Training on all 576 clips for 40 epochs (no validation, no early stopping)...
epoch 001 | train 87.5%/0.6248
epoch 010 | train 100.0%/0.2354
epoch 020 | train 100.0%/0.2342
epoch 030 | train 100.0%/0.2321
epoch 040 | train 100.0%/0.2320
Saved runs\v2-4signers-24-20260907-005546\gesture_lstm.pt (24 labels, 40 epochs, all clips)
training_signature 43316055f78b — must match loso_report.json to pair its accuracy with this checkpoint.
PAIR OK: runs\v2-4signers-24-20260907-005546\loso_report.json, metrics.json, and gesture_lstm.pt carry the same training signature and the checkpoint SHA-256 still matches.
This checkpoint has NO accuracy number. Run --loso to get one.
Next: vslr-camera --no-tts
